1559 pairs total, 1556 to cache
Using cache found in /visinf/home/lab_mozkan/.cache/torch/hub/facebookresearch_dinov3_adc254450203739c8149213a7a69d8d905b4fcfa
2026-07-08 15:18:05 INFO     romav2.romav2 - romav2:117 in __init__ - RoMa v2   
                             initialized.                                       
  cached 0/1556
  cached 50/1556
  cached 100/1556
1559 pairs total, 1411 to cache
Using cache found in /visinf/home/lab_mozkan/.cache/torch/hub/facebookresearch_dinov3_adc254450203739c8149213a7a69d8d905b4fcfa
2026-07-08 15:20:49 INFO     romav2.romav2 - romav2:117 in __init__ - RoMa v2   
                             initialized.                                       
  cached 0/1411
  cached 50/1411
  cached 100/1411
  cached 150/1411
  cached 200/1411
  cached 250/1411
  cached 300/1411
  cached 350/1411
  cached 400/1411
  cached 450/1411
  cached 500/1411
  cached 550/1411
  cached 600/1411
  cached 650/1411
  cached 700/1411
  cached 750/1411
  cached 800/1411
  cached 850/1411
  cached 900/1411
  cached 950/1411
  cached 1000/1411
  cached 1050/1411
  cached 1100/1411
  cached 1150/1411
  cached 1200/1411
  cached 1250/1411
  cached 1300/1411
  cached 1350/1411
  cached 1400/1411
cache complete
('dpt', 'mv'): 1559 pairs total, 0 to cache
('desc',): 1559 pairs total, 0 to cache
cache complete
