/visinf/home/lab_mozkan/miniconda3/envs/cv/lib/python3.10/site-packages/torchvision/models/_utils.py:208: UserWarning: The parameter 'pretrained' is deprecated since 0.13 and may be removed in the future, please use 'weights' instead.
  warnings.warn(
/visinf/home/lab_mozkan/miniconda3/envs/cv/lib/python3.10/site-packages/torchvision/models/_utils.py:223: UserWarning: Arguments other than a weight enum or `None` for 'weights' are deprecated since 0.13 and may be removed in the future. The current behavior is equivalent to passing `weights=AlexNet_Weights.IMAGENET1K_V1`. You can also use `weights=AlexNet_Weights.DEFAULT` to get the most up-to-date weights.
  warnings.warn(msg)
/visinf/home/lab_mozkan/miniconda3/envs/cv/lib/python3.10/site-packages/lpips/lpips.py:107: FutureWarning: You are using `torch.load` with `weights_only=False` (the current default value), which uses the default pickle module implicitly. It is possible to construct malicious pickle data which will execute arbitrary code during unpickling (See https://github.com/pytorch/pytorch/blob/main/SECURITY.md#untrusted-models for more details). In a future release, the default value for `weights_only` will be flipped to `True`. This limits the functions that could be executed during unpickling. Arbitrary objects will no longer be allowed to be loaded via this mode unless they are explicitly allowlisted by the user via `torch.serialization.add_safe_globals`. We recommend you start setting `weights_only=True` for any use case where you don't have full control of the loaded file. Please open an issue on GitHub for any issues related to this experimental feature.
  self.load_state_dict(torch.load(model_path, map_location='cpu'), strict=False)
/visinf/home/lab_mozkan/GenerativeRoMA/src/romav2_utils.py:131: FutureWarning: You are using `torch.load` with `weights_only=False` (the current default value), which uses the default pickle module implicitly. It is possible to construct malicious pickle data which will execute arbitrary code during unpickling (See https://github.com/pytorch/pytorch/blob/main/SECURITY.md#untrusted-models for more details). In a future release, the default value for `weights_only` will be flipped to `True`. This limits the functions that could be executed during unpickling. Arbitrary objects will no longer be allowed to be loaded via this mode unless they are explicitly allowlisted by the user via `torch.serialization.add_safe_globals`. We recommend you start setting `weights_only=True` for any use case where you don't have full control of the loaded file. Please open an issue on GitHub for any issues related to this experimental feature.
  d = torch.load(self.files[i], map_location="cpu")
Setting up [LPIPS] perceptual loss: trunk [alex], v[0.1], spatial [off]
Loading model from: /visinf/home/lab_mozkan/miniconda3/envs/cv/lib/python3.10/site-packages/lpips/weights/v0.1/alex.pth
[desc] step 0 l1 0.5821 lpips 0.9311
[desc] step 100 l1 0.0960 lpips 0.7137
[desc] step 200 l1 0.1028 lpips 0.5918
[desc] step 300 l1 0.0864 lpips 0.5592
[desc] step 400 l1 0.0777 lpips 0.4908
[desc] step 500 l1 0.0653 lpips 0.4907
[desc] step 600 l1 0.0690 lpips 0.4233
[desc] step 700 l1 0.0633 lpips 0.4204
[desc] step 800 l1 0.0624 lpips 0.3777
[desc] step 900 l1 0.0601 lpips 0.3761
[desc] step 1000 l1 0.0603 lpips 0.2538
[desc] step 1100 l1 0.0658 lpips 0.3120
[desc] step 1200 l1 0.0582 lpips 0.2852
[desc] step 1300 l1 0.0593 lpips 0.2466
[desc] step 1400 l1 0.0584 lpips 0.2823
[desc] step 1500 l1 0.0474 lpips 0.2263
[desc] step 1600 l1 0.0486 lpips 0.1491
[desc] step 1700 l1 0.0546 lpips 0.2082
[desc] step 1800 l1 0.0490 lpips 0.2207
[desc] step 1900 l1 0.0590 lpips 0.1969
[desc] step 2000 l1 0.0603 lpips 0.1910
[desc] step 2100 l1 0.0420 lpips 0.1647
[desc] step 2200 l1 0.0544 lpips 0.1553
[desc] step 2300 l1 0.0626 lpips 0.2137
[desc] step 2400 l1 0.0521 lpips 0.1800
[desc] step 2500 l1 0.0470 lpips 0.1707
[desc] step 2600 l1 0.0324 lpips 0.1311
[desc] step 2700 l1 0.0430 lpips 0.1485
[desc] step 2800 l1 0.0322 lpips 0.1135
[desc] step 2900 l1 0.0418 lpips 0.1472
[desc] step 3000 l1 0.0512 lpips 0.1551
[desc] step 3100 l1 0.0497 lpips 0.1655
[desc] step 3200 l1 0.0356 lpips 0.1329
[desc] step 3300 l1 0.0486 lpips 0.1562
[desc] step 3400 l1 0.0580 lpips 0.1709
[desc] step 3500 l1 0.0503 lpips 0.1354
[desc] step 3600 l1 0.0423 lpips 0.1292
[desc] step 3700 l1 0.0359 lpips 0.1077
[desc] step 3800 l1 0.0436 lpips 0.1296
[desc] step 3900 l1 0.0602 lpips 0.1573
[desc] step 4000 l1 0.0513 lpips 0.1419
[desc] step 4100 l1 0.0232 lpips 0.0760
[desc] step 4200 l1 0.0310 lpips 0.0963
[desc] step 4300 l1 0.0446 lpips 0.1179
[desc] step 4400 l1 0.0371 lpips 0.1120
[desc] step 4500 l1 0.0290 lpips 0.0994
[desc] step 4600 l1 0.0608 lpips 0.1343
[desc] step 4700 l1 0.0365 lpips 0.1000
[desc] step 4800 l1 0.0553 lpips 0.1246
[desc] step 4900 l1 0.0269 lpips 0.0714
[desc] step 5000 l1 0.0359 lpips 0.0958
[desc] step 5100 l1 0.0382 lpips 0.0954
[desc] step 5200 l1 0.0303 lpips 0.0952
[desc] step 5300 l1 0.0398 lpips 0.1229
[desc] step 5400 l1 0.0461 lpips 0.1180
[desc] step 5500 l1 0.0288 lpips 0.0952
[desc] step 5600 l1 0.0409 lpips 0.1184
[desc] step 5700 l1 0.0380 lpips 0.0996
[desc] step 5800 l1 0.0284 lpips 0.0876
[desc] step 5900 l1 0.0539 lpips 0.1234
[desc] eval: {'psnr': 22.426482043102844, 'ssim': 0.5856967540403137, 'lpips': 0.19179593448837598}
/visinf/home/lab_mozkan/GenerativeRoMA/src/romav2_utils.py:131: FutureWarning: You are using `torch.load` with `weights_only=False` (the current default value), which uses the default pickle module implicitly. It is possible to construct malicious pickle data which will execute arbitrary code during unpickling (See https://github.com/pytorch/pytorch/blob/main/SECURITY.md#untrusted-models for more details). In a future release, the default value for `weights_only` will be flipped to `True`. This limits the functions that could be executed during unpickling. Arbitrary objects will no longer be allowed to be loaded via this mode unless they are explicitly allowlisted by the user via `torch.serialization.add_safe_globals`. We recommend you start setting `weights_only=True` for any use case where you don't have full control of the loaded file. Please open an issue on GitHub for any issues related to this experimental feature.
  d = torch.load(self.files[i], map_location="cpu")
