/visinf/home/lab_mozkan/miniconda3/envs/cv/lib/python3.10/site-packages/torchvision/models/_utils.py:208: UserWarning: The parameter 'pretrained' is deprecated since 0.13 and may be removed in the future, please use 'weights' instead.
  warnings.warn(
/visinf/home/lab_mozkan/miniconda3/envs/cv/lib/python3.10/site-packages/torchvision/models/_utils.py:223: UserWarning: Arguments other than a weight enum or `None` for 'weights' are deprecated since 0.13 and may be removed in the future. The current behavior is equivalent to passing `weights=AlexNet_Weights.IMAGENET1K_V1`. You can also use `weights=AlexNet_Weights.DEFAULT` to get the most up-to-date weights.
  warnings.warn(msg)
/visinf/home/lab_mozkan/miniconda3/envs/cv/lib/python3.10/site-packages/lpips/lpips.py:107: FutureWarning: You are using `torch.load` with `weights_only=False` (the current default value), which uses the default pickle module implicitly. It is possible to construct malicious pickle data which will execute arbitrary code during unpickling (See https://github.com/pytorch/pytorch/blob/main/SECURITY.md#untrusted-models for more details). In a future release, the default value for `weights_only` will be flipped to `True`. This limits the functions that could be executed during unpickling. Arbitrary objects will no longer be allowed to be loaded via this mode unless they are explicitly allowlisted by the user via `torch.serialization.add_safe_globals`. We recommend you start setting `weights_only=True` for any use case where you don't have full control of the loaded file. Please open an issue on GitHub for any issues related to this experimental feature.
  self.load_state_dict(torch.load(model_path, map_location='cpu'), strict=False)
/visinf/home/lab_mozkan/GenerativeRoMA/src/romav2_utils.py:122: FutureWarning: You are using `torch.load` with `weights_only=False` (the current default value), which uses the default pickle module implicitly. It is possible to construct malicious pickle data which will execute arbitrary code during unpickling (See https://github.com/pytorch/pytorch/blob/main/SECURITY.md#untrusted-models for more details). In a future release, the default value for `weights_only` will be flipped to `True`. This limits the functions that could be executed during unpickling. Arbitrary objects will no longer be allowed to be loaded via this mode unless they are explicitly allowlisted by the user via `torch.serialization.add_safe_globals`. We recommend you start setting `weights_only=True` for any use case where you don't have full control of the loaded file. Please open an issue on GitHub for any issues related to this experimental feature.
  d = torch.load(self.files[i], map_location="cpu")
Setting up [LPIPS] perceptual loss: trunk [alex], v[0.1], spatial [off]
Loading model from: /visinf/home/lab_mozkan/miniconda3/envs/cv/lib/python3.10/site-packages/lpips/weights/v0.1/alex.pth
[mv] step 0 l1 0.6136 lpips 0.9437
[mv] step 100 l1 0.1817 lpips 0.8101
[mv] step 200 l1 0.1621 lpips 0.7315
[mv] step 300 l1 0.2011 lpips 0.7064
[mv] step 400 l1 0.1984 lpips 0.6360
[mv] step 500 l1 0.1545 lpips 0.6755
[mv] step 600 l1 0.1669 lpips 0.6498
[mv] step 700 l1 0.1806 lpips 0.6088
[mv] step 800 l1 0.1797 lpips 0.6202
[mv] step 900 l1 0.1824 lpips 0.6115
[mv] step 1000 l1 0.1969 lpips 0.6296
[mv] step 1100 l1 0.1772 lpips 0.5707
[mv] step 1200 l1 0.2071 lpips 0.5721
[mv] step 1300 l1 0.1127 lpips 0.4820
[mv] step 1400 l1 0.1735 lpips 0.5477
[mv] step 1500 l1 0.1225 lpips 0.5512
[mv] step 1600 l1 0.1832 lpips 0.6371
[mv] step 1700 l1 0.1597 lpips 0.6011
[mv] step 1800 l1 0.1444 lpips 0.5909
[mv] step 1900 l1 0.1450 lpips 0.5295
[mv] step 2000 l1 0.1511 lpips 0.5561
[mv] step 2100 l1 0.1369 lpips 0.5252
[mv] step 2200 l1 0.1234 lpips 0.5054
[mv] step 2300 l1 0.1669 lpips 0.6147
[mv] step 2400 l1 0.1492 lpips 0.5440
[mv] step 2500 l1 0.1299 lpips 0.5063
[mv] step 2600 l1 0.1041 lpips 0.4247
[mv] step 2700 l1 0.1277 lpips 0.5796
[mv] step 2800 l1 0.1224 lpips 0.4426
[mv] step 2900 l1 0.1179 lpips 0.5083
[mv] step 3000 l1 0.1338 lpips 0.5000
[mv] step 3100 l1 0.1304 lpips 0.5264
[mv] step 3200 l1 0.0932 lpips 0.4187
[mv] step 3300 l1 0.1307 lpips 0.5125
[mv] step 3400 l1 0.1412 lpips 0.5591
[mv] step 3500 l1 0.1121 lpips 0.5349
[mv] step 3600 l1 0.1140 lpips 0.4827
[mv] step 3700 l1 0.1038 lpips 0.4869
[mv] step 3800 l1 0.1086 lpips 0.5252
[mv] step 3900 l1 0.1143 lpips 0.5516
[mv] step 4000 l1 0.1112 lpips 0.5113
[mv] step 4100 l1 0.0739 lpips 0.3893
[mv] step 4200 l1 0.1037 lpips 0.4597
[mv] step 4300 l1 0.1022 lpips 0.4774
[mv] step 4400 l1 0.1044 lpips 0.5068
[mv] step 4500 l1 0.0931 lpips 0.4143
[mv] step 4600 l1 0.1201 lpips 0.5427
[mv] step 4700 l1 0.0909 lpips 0.4854
[mv] step 4800 l1 0.1112 lpips 0.5157
[mv] step 4900 l1 0.0836 lpips 0.4276
[mv] step 5000 l1 0.0953 lpips 0.4714
[mv] step 5100 l1 0.0933 lpips 0.4592
[mv] step 5200 l1 0.0889 lpips 0.4096
[mv] step 5300 l1 0.0969 lpips 0.5188
[mv] step 5400 l1 0.1108 lpips 0.5066
[mv] step 5500 l1 0.0946 lpips 0.4792
[mv] step 5600 l1 0.1006 lpips 0.4910
[mv] step 5700 l1 0.0888 lpips 0.4780
[mv] step 5800 l1 0.0783 lpips 0.4729
[mv] step 5900 l1 0.0993 lpips 0.5125
[mv] eval: {'psnr': 12.962722845835238, 'ssim': 0.3534830039729564, 'lpips': 0.5565426184071435}
/visinf/home/lab_mozkan/GenerativeRoMA/src/romav2_utils.py:122: FutureWarning: You are using `torch.load` with `weights_only=False` (the current default value), which uses the default pickle module implicitly. It is possible to construct malicious pickle data which will execute arbitrary code during unpickling (See https://github.com/pytorch/pytorch/blob/main/SECURITY.md#untrusted-models for more details). In a future release, the default value for `weights_only` will be flipped to `True`. This limits the functions that could be executed during unpickling. Arbitrary objects will no longer be allowed to be loaded via this mode unless they are explicitly allowlisted by the user via `torch.serialization.add_safe_globals`. We recommend you start setting `weights_only=True` for any use case where you don't have full control of the loaded file. Please open an issue on GitHub for any issues related to this experimental feature.
  d = torch.load(self.files[i], map_location="cpu")
